Test/EUF/Issue126.lean:3:8: warning: declaration uses 'sorry'
