goal: (p = true → q = true) → (q = true → r = true) → p = true → r = true

query:
(declare-const p Bool)
(declare-const r Bool)
(declare-const q Bool)
(assert (not (=> (=> (= p true) (= q true)) (=> (=> (= q true) (= r true)) (=> (= p true) (= r true))))))
(check-sat)
