goal: p = true → (p = true → q = true) → q = true

query:
(declare-const q Bool)
(declare-const p Bool)
(assert (not (=> (= p true) (=> (=> (= p true) (= q true)) (= q true)))))
(check-sat)
