goal: q = true

query:
(declare-const q Bool)
(declare-const p Bool)
(assert (=> (= p true) (= q true)))
(assert (= p true))
(assert (distinct q true))
(check-sat)
