goal: (p == q) = true → (q == r) = true → (p == r) = true

query:
(declare-const q Bool)
(declare-const r Bool)
(declare-const p Bool)
(assert (not (=> (= (= p q) true) (=> (= (= q r) true) (= (= p r) true)))))
(check-sat)
